[shopee.seg-ca1xa.pro/5mil/index.html]
[shopee.seg-ca1xa.pro/5mil/window.location.href]
[backblue.gif]
[fade.gif]
[index.html]
[cdn.utmify.com.br/scripts/pixel/pixel.js]
[cdn.jsdelivr.net/npm/remixicon@2.5.0/fonts/remixicon.css]
[shopee.seg-ca1xa.pro/5mil/images/logo-white.webp]
[shopee.seg-ca1xa.pro/5mil/index.html]
[shopee.seg-ca1xa.pro/5mil/window.location.html]
[shopee.seg-ca1xa.pro/5mil/quiz.html]
[cdn.jsdelivr.net/npm/remixicon@2.5.0/fonts/remixicondf6d.eot]
[cdn.jsdelivr.net/npm/remixicon@2.5.0/fonts/remixicondf6d.woff2]
[cdn.jsdelivr.net/npm/remixicon@2.5.0/fonts/remixicondf6d.woff]
[cdn.jsdelivr.net/npm/remixicon@2.5.0/fonts/remixicon.css]
[cdn.jsdelivr.net/npm/remixicon@2.5.0/fonts/remixicondf6d.svg]
[cdn.jsdelivr.net/npm/remixicon@2.5.0/fonts/remixicondf6d.ttf]
[cdn.jsdelivr.net/npm/bootstrap@5.3.0/dist/css/bootstrap.min.css]
[connect.facebook.net/en_US/fbevents.js]
[analytics.tiktok.com/i18n/pixel/events.js]
[s1.kwai.net/kos/s101/nlav11187/pixel/events.js]
[s16-11187.ap4r.com/kos/s101/nlav11187/pixel/events.js]
[logodownload.org/wp-content/uploads/2021/03/shopee-logo.png]
[img.icons8.com/ios-filled/50/000000/money-bag.png]
[img.icons8.com/ios-filled/50/000000/rocket.png]
[img.icons8.com/ios-filled/50/000000/no-entry.png]
[img.icons8.com/ios-filled/50/000000/calendar.png]
[img.icons8.com/color/48/000000/ok--v1.png]
[shopee.seg-ca1xa.pro/5mil/quiz.html]
[shopee.seg-ca1xa.pro/5mil/termos.html]
[cdn.jsdelivr.net/npm/remixicon@2.5.0/fonts/remixicondf6d.svg]
[cdn.jsdelivr.net/npm/bootstrap@5.3.0/dist/css/bootstrap.min.css]
[shopee.seg-ca1xa.pro/5mil/a]
[shopee.seg-ca1xa.pro/5mil/POST]
[shopee.seg-ca1xa.pro/5mil/b.resolvedLink]
[shopee.seg-ca1xa.pro/signals/iwl.js]
[connect.facebook.net/en_US/fbevents.js]
[shopee.seg-ca1xa.pro/5mil/schema.org/index.html]
[img.icons8.com/ios-filled/50/000000/shield.png]
[img.icons8.com/ios-filled/50/000000/data-configuration.png]
[img.icons8.com/ios-filled/50/000000/bank-building.png]
[shopee.seg-ca1xa.pro/5mil/termos.html]
[shopee.seg-ca1xa.pro/5mil/a.html]
[shopee.seg-ca1xa.pro/5mil/POST.html]
[shopee.seg-ca1xa.pro/5mil/schema.org/index.html]
[shopee.seg-ca1xa.pro/5mil/b.html]
[shopee.seg-ca1xa.pro/signals/iwl.html]
[shopee.seg-ca1xa.pro/5mil/log.html]
[shopee.seg-ca1xa.pro/5mil/css/bootstrap.min.css]
[shopee.seg-ca1xa.pro/5mil/js/latest.js]
[shopee.seg-ca1xa.pro/5mil/js/pixel.js]
[cdn.pixabay.com/animation/2023/08/11/21/18/21-18-05-265_512.gif]
[cdn-icons-png.flaticon.com/512/6784/6784655.png]
[shopee.seg-ca1xa.pro/5mil/card.html]
[shopee.seg-ca1xa.pro/cdn.utmify.com.br/scripts/pixel/pixel.js]
[shopee.seg-ca1xa.pro/5mil/log.html]
[shopee.seg-ca1xa.pro/5mil/css/bootstrap.min.css]
[shopee.seg-ca1xa.pro/5mil/card.html]
[shopee.seg-ca1xa.pro/cdn.utmify.com.br/scripts/pixel/pixel.html]
[shopee.seg-ca1xa.pro/5mil/carregando.html]
[cdn.freebiesupply.com/logos/large/2x/chip-1-logo-png-transparent.png]
[i.ibb.co/mG9n8wp/Design-sem-nome.png]
[i.ibb.co/JsmcJQf/Bank.png]
[i0.wp.com/americassbdc.org/wp-content/uploads/2021/05/Visa-logo-whitea91b.png]
[shopee.seg-ca1xa.pro/5mil/carregando.html]
[shopee.seg-ca1xa.pro/5mil/limite.html]
[img.icons8.com/color/96/000000/ok--v1.png]
[img.icons8.com/ios-filled/50/000000/atm.png]
[img.icons8.com/ios-filled/50/000000/discount.png]
[img.icons8.com/ios-filled/50/000000/pharmacy-shop.png]
[img.icons8.com/ios-filled/50/000000/shopping-bag.png]
[img.icons8.com/ios-filled/50/000000/airport.png]
[shopee.seg-ca1xa.pro/5mil/limite.html]
[shopee.seg-ca1xa.pro/5mil/fatura.html]
[shopee.seg-ca1xa.pro/5mil/fatura.html]
[shopee.seg-ca1xa.pro/5mil/loading.html]
[i.ibb.co/F6g3Cpd/Bank-1.png]
[shopee.seg-ca1xa.pro/5mil/loading.html]
[shopee.seg-ca1xa.pro/5mil/drop.html]
[cdn-icons-png.flaticon.com/512/45/45880.png]
[cdn-icons-png.flaticon.com/512/2825/2825777.png]
[cdn-icons-png.flaticon.com/512/3722/3722049.png]
[shopee.seg-ca1xa.pro/5mil/drop.html]
[shopee.seg-ca1xa.pro/5mil/cep.html]
[shopee.seg-ca1xa.pro/5mil/cep.html]
[shopee.seg-ca1xa.pro/5mil/sedex.html]
[shopee.seg-ca1xa.pro/5mil/sedex.html]
